Component: ARM Compiler 5.06 update 7 (build 960) Tool: armlink [4d3601]

==============================================================================

Section Cross References

    main.o(i.main) refers to app_key_lcd_brightness_ctrl.o(i.key_control_lcd_brightness_10level_Init) for key_control_lcd_brightness_10level_Init
    main.o(i.main) refers to app_key_lcd_brightness_ctrl.o(i.key_control_lcd_brightness_10level) for key_control_lcd_brightness_10level
    delay.o(i.Delay_ms) refers to delay.o(i.Delay_us) for Delay_us
    delay.o(i.Delay_s) refers to delay.o(i.Delay_ms) for Delay_ms
    startup_stm32f10x_hd.o(RESET) refers to startup_stm32f10x_hd.o(STACK) for __initial_sp
    startup_stm32f10x_hd.o(RESET) refers to startup_stm32f10x_hd.o(.text) for Reset_Handler
    startup_stm32f10x_hd.o(RESET) refers to systick.o(i.SysTick_Handler) for SysTick_Handler
    startup_stm32f10x_hd.o(RESET) refers to app_key_lcd_brightness_ctrl.o(i.EXTI9_5_IRQHandler) for EXTI9_5_IRQHandler
    startup_stm32f10x_hd.o(RESET) refers to tim4.o(i.TIM4_IRQHandler) for TIM4_IRQHandler
    startup_stm32f10x_hd.o(RESET) refers to usart.o(i.USART1_IRQHandler) for USART1_IRQHandler
    startup_stm32f10x_hd.o(RESET) refers to app_key_lcd_brightness_ctrl.o(i.EXTI15_10_IRQHandler) for EXTI15_10_IRQHandler
    startup_stm32f10x_hd.o(RESET) refers to tim6.o(i.TIM6_IRQHandler) for TIM6_IRQHandler
    startup_stm32f10x_hd.o(.text) refers to system_stm32f10x.o(i.SystemInit) for SystemInit
    startup_stm32f10x_hd.o(.text) refers to entry.o(.ARM.Collect$$$$00000000) for __main
    system_stm32f10x.o(i.SetSysClock) refers to system_stm32f10x.o(i.SetSysClockTo72) for SetSysClockTo72
    system_stm32f10x.o(i.SystemCoreClockUpdate) refers to system_stm32f10x.o(.data) for .data
    system_stm32f10x.o(i.SystemInit) refers to system_stm32f10x.o(i.SetSysClock) for SetSysClock
    led.o(i.LED_Init) refers to led.o(i.LED_Off) for LED_Off
    key.o(i.KEY1_Init) refers to key.o(i.NVIC_SetPriorityGrouping) for NVIC_SetPriorityGrouping
    key.o(i.KEY1_Init) refers to key.o(i.NVIC_SetPriority) for NVIC_SetPriority
    key.o(i.KEY1_Init) refers to key.o(i.NVIC_EnableIRQ) for NVIC_EnableIRQ
    key.o(i.KEY3_Init) refers to key.o(i.NVIC_SetPriorityGrouping) for NVIC_SetPriorityGrouping
    key.o(i.KEY3_Init) refers to key.o(i.NVIC_SetPriority) for NVIC_SetPriority
    key.o(i.KEY3_Init) refers to key.o(i.NVIC_EnableIRQ) for NVIC_EnableIRQ
    key.o(i.KEY5_Init) refers to key.o(i.NVIC_SetPriorityGrouping) for NVIC_SetPriorityGrouping
    key.o(i.KEY5_Init) refers to key.o(i.NVIC_SetPriority) for NVIC_SetPriority
    key.o(i.KEY5_Init) refers to key.o(i.NVIC_EnableIRQ) for NVIC_EnableIRQ
    usart.o(i.USART1_IRQHandler) refers to usart.o(.data) for .data
    usart.o(i.USART1_IRQHandler) refers to usart.o(.bss) for .bss
    usart.o(i.USART1_ReceiveBytes) refers to usart.o(i.USART1_ReceiveByte) for USART1_ReceiveByte
    usart.o(i.USART1_TransmitBytes) refers to usart.o(i.USART1_TransmitByte) for USART1_TransmitByte
    usart.o(i.fputc) refers to usart.o(i.USART1_TransmitByte) for USART1_TransmitByte
    systick.o(i.SysTick_Handler) refers to printfb.o(i.__0printf$bare) for __2printf
    systick.o(i.SysTick_Handler) refers to led.o(i.LED_Toggle) for LED_Toggle
    systick.o(i.SysTick_Handler) refers to systick.o(.data) for .data
    tim6.o(i.TIM6_IRQHandler) refers to printfb.o(i.__0printf$bare) for __2printf
    tim6.o(i.TIM6_IRQHandler) refers to led.o(i.LED_Toggle) for LED_Toggle
    tim6.o(i.TIM6_Init) refers to printfb.o(i.__0printf$bare) for __2printf
    tim4.o(i.TIM4_GetDuty) refers to dfltui.o(.text) for __aeabi_ui2d
    tim4.o(i.TIM4_GetDuty) refers to dadd.o(.text) for __aeabi_dadd
    tim4.o(i.TIM4_GetDuty) refers to ddiv.o(.text) for __aeabi_ddiv
    tim4.o(i.TIM4_GetDuty) refers to dmul.o(.text) for __aeabi_dmul
    tim4.o(i.TIM4_GetPWMCycleMS) refers to dfltui.o(.text) for __aeabi_ui2d
    tim4.o(i.TIM4_GetPWMCycleMS) refers to dadd.o(.text) for __aeabi_dadd
    tim4.o(i.TIM4_GetPWMCycleMS) refers to ddiv.o(.text) for __aeabi_ddiv
    tim4.o(i.TIM4_GetPWMFreq) refers to dfltui.o(.text) for __aeabi_ui2d
    tim4.o(i.TIM4_GetPWMFreq) refers to ddiv.o(.text) for __aeabi_ddiv
    m24c02.o(i.M24C02_Init) refers to hard_i2c.o(i.I2C_Init) for I2C_Init
    m24c02.o(i.M24C02_ReadByte) refers to hard_i2c.o(i.I2C_Start) for I2C_Start
    m24c02.o(i.M24C02_ReadByte) refers to hard_i2c.o(i.I2C_SendAddr) for I2C_SendAddr
    m24c02.o(i.M24C02_ReadByte) refers to hard_i2c.o(i.I2C_SendByte) for I2C_SendByte
    m24c02.o(i.M24C02_ReadByte) refers to hard_i2c.o(i.I2C_SendNACK) for I2C_SendNACK
    m24c02.o(i.M24C02_ReadByte) refers to hard_i2c.o(i.I2C_SetStop) for I2C_SetStop
    m24c02.o(i.M24C02_ReadByte) refers to hard_i2c.o(i.I2C_ReceiveByte) for I2C_ReceiveByte
    m24c02.o(i.M24C02_ReadBytes) refers to hard_i2c.o(i.I2C_Start) for I2C_Start
    m24c02.o(i.M24C02_ReadBytes) refers to hard_i2c.o(i.I2C_SendAddr) for I2C_SendAddr
    m24c02.o(i.M24C02_ReadBytes) refers to hard_i2c.o(i.I2C_SendByte) for I2C_SendByte
    m24c02.o(i.M24C02_ReadBytes) refers to hard_i2c.o(i.I2C_SendACK) for I2C_SendACK
    m24c02.o(i.M24C02_ReadBytes) refers to hard_i2c.o(i.I2C_SendNACK) for I2C_SendNACK
    m24c02.o(i.M24C02_ReadBytes) refers to hard_i2c.o(i.I2C_SetStop) for I2C_SetStop
    m24c02.o(i.M24C02_ReadBytes) refers to hard_i2c.o(i.I2C_ReceiveByte) for I2C_ReceiveByte
    m24c02.o(i.M24C02_SendByte) refers to hard_i2c.o(i.I2C_Start) for I2C_Start
    m24c02.o(i.M24C02_SendByte) refers to hard_i2c.o(i.I2C_SendAddr) for I2C_SendAddr
    m24c02.o(i.M24C02_SendByte) refers to hard_i2c.o(i.I2C_SendByte) for I2C_SendByte
    m24c02.o(i.M24C02_SendByte) refers to hard_i2c.o(i.I2C_SendStop) for I2C_SendStop
    m24c02.o(i.M24C02_SendByte) refers to delay.o(i.Delay_ms) for Delay_ms
    m24c02.o(i.M24C02_SendBytes) refers to hard_i2c.o(i.I2C_Start) for I2C_Start
    m24c02.o(i.M24C02_SendBytes) refers to hard_i2c.o(i.I2C_SendAddr) for I2C_SendAddr
    m24c02.o(i.M24C02_SendBytes) refers to hard_i2c.o(i.I2C_SendByte) for I2C_SendByte
    m24c02.o(i.M24C02_SendBytes) refers to hard_i2c.o(i.I2C_SendStop) for I2C_SendStop
    m24c02.o(i.M24C02_SendBytes) refers to delay.o(i.Delay_ms) for Delay_ms
    app_key_lcd_brightness_ctrl.o(i.EXTI15_10_IRQHandler) refers to delay.o(i.Delay_ms) for Delay_ms
    app_key_lcd_brightness_ctrl.o(i.EXTI15_10_IRQHandler) refers to app_key_lcd_brightness_ctrl.o(.data) for .data
    app_key_lcd_brightness_ctrl.o(i.EXTI9_5_IRQHandler) refers to delay.o(i.Delay_ms) for Delay_ms
    app_key_lcd_brightness_ctrl.o(i.EXTI9_5_IRQHandler) refers to led.o(i.LED_Toggle) for LED_Toggle
    app_key_lcd_brightness_ctrl.o(i.EXTI9_5_IRQHandler) refers to app_key_lcd_brightness_ctrl.o(.data) for .data
    app_key_lcd_brightness_ctrl.o(i.key_control_lcd_brightness_10level) refers to tim3.o(i.TIM3_SetDuty) for TIM3_SetDuty
    app_key_lcd_brightness_ctrl.o(i.key_control_lcd_brightness_10level) refers to app_key_lcd_brightness_ctrl.o(.data) for .data
    app_key_lcd_brightness_ctrl.o(i.key_control_lcd_brightness_10level_Init) refers to tim3.o(i.TIM3_PWMLcd_Init) for TIM3_PWMLcd_Init
    app_key_lcd_brightness_ctrl.o(i.key_control_lcd_brightness_10level_Init) refers to key.o(i.KEY3_Init) for KEY3_Init
    app_key_lcd_brightness_ctrl.o(i.key_control_lcd_brightness_10level_Init) refers to key.o(i.KEY1_Init) for KEY1_Init
    app_key_lcd_brightness_ctrl.o(i.key_control_lcd_brightness_10level_Init) refers to key.o(i.KEY5_Init) for KEY5_Init
    entry.o(.ARM.Collect$$$$00000000) refers (Special) to entry10a.o(.ARM.Collect$$$$0000000F) for __rt_final_cpp
    entry.o(.ARM.Collect$$$$00000000) refers (Special) to entry11a.o(.ARM.Collect$$$$00000011) for __rt_final_exit
    entry.o(.ARM.Collect$$$$00000000) refers (Special) to entry12b.o(.ARM.Collect$$$$0000000E) for __rt_lib_shutdown_fini
    entry.o(.ARM.Collect$$$$00000000) refers (Special) to entry7b.o(.ARM.Collect$$$$00000008) for _main_clock
    entry.o(.ARM.Collect$$$$00000000) refers (Special) to entry8b.o(.ARM.Collect$$$$0000000A) for _main_cpp_init
    entry.o(.ARM.Collect$$$$00000000) refers (Special) to entry9a.o(.ARM.Collect$$$$0000000B) for _main_init
    entry.o(.ARM.Collect$$$$00000000) refers (Special) to entry5.o(.ARM.Collect$$$$00000004) for _main_scatterload
    entry.o(.ARM.Collect$$$$00000000) refers (Special) to entry2.o(.ARM.Collect$$$$00000001) for _main_stk
    printfb.o(i.__0fprintf$bare) refers to printfb.o(i._printf_core) for _printf_core
    printfb.o(i.__0fprintf$bare) refers to usart.o(i.fputc) for fputc
    printfb.o(i.__0printf$bare) refers to printfb.o(i._printf_core) for _printf_core
    printfb.o(i.__0printf$bare) refers to usart.o(i.fputc) for fputc
    printfb.o(i.__0printf$bare) refers to stdout.o(.data) for __stdout
    printfb.o(i.__0snprintf$bare) refers to printfb.o(i._printf_core) for _printf_core
    printfb.o(i.__0snprintf$bare) refers to printfb.o(i._snputc) for _snputc
    printfb.o(i.__0sprintf$bare) refers to printfb.o(i._printf_core) for _printf_core
    printfb.o(i.__0sprintf$bare) refers to printfb.o(i._sputc) for _sputc
    printfb.o(i.__0vfprintf$bare) refers to printfb.o(i._printf_core) for _printf_core
    printfb.o(i.__0vfprintf$bare) refers to usart.o(i.fputc) for fputc
    printfb.o(i.__0vprintf$bare) refers to printfb.o(i._printf_core) for _printf_core
    printfb.o(i.__0vprintf$bare) refers to usart.o(i.fputc) for fputc
    printfb.o(i.__0vprintf$bare) refers to stdout.o(.data) for __stdout
    printfb.o(i.__0vsnprintf$bare) refers to printfb.o(i._printf_core) for _printf_core
    printfb.o(i.__0vsnprintf$bare) refers to printfb.o(i._snputc) for _snputc
    printfb.o(i.__0vsprintf$bare) refers to printfb.o(i._printf_core) for _printf_core
    printfb.o(i.__0vsprintf$bare) refers to printfb.o(i._sputc) for _sputc
    printf0.o(i.__0fprintf$0) refers to printf0.o(i._printf_core) for _printf_core
    printf0.o(i.__0fprintf$0) refers to usart.o(i.fputc) for fputc
    printf0.o(i.__0printf$0) refers to printf0.o(i._printf_core) for _printf_core
    printf0.o(i.__0printf$0) refers to usart.o(i.fputc) for fputc
    printf0.o(i.__0printf$0) refers to stdout.o(.data) for __stdout
    printf0.o(i.__0snprintf$0) refers to printf0.o(i._printf_core) for _printf_core
    printf0.o(i.__0snprintf$0) refers to printf0.o(i._snputc) for _snputc
    printf0.o(i.__0sprintf$0) refers to printf0.o(i._printf_core) for _printf_core
    printf0.o(i.__0sprintf$0) refers to printf0.o(i._sputc) for _sputc
    printf0.o(i.__0vfprintf$0) refers to printf0.o(i._printf_core) for _printf_core
    printf0.o(i.__0vfprintf$0) refers to usart.o(i.fputc) for fputc
    printf0.o(i.__0vprintf$0) refers to printf0.o(i._printf_core) for _printf_core
    printf0.o(i.__0vprintf$0) refers to usart.o(i.fputc) for fputc
    printf0.o(i.__0vprintf$0) refers to stdout.o(.data) for __stdout
    printf0.o(i.__0vsnprintf$0) refers to printf0.o(i._printf_core) for _printf_core
    printf0.o(i.__0vsnprintf$0) refers to printf0.o(i._snputc) for _snputc
    printf0.o(i.__0vsprintf$0) refers to printf0.o(i._printf_core) for _printf_core
    printf0.o(i.__0vsprintf$0) refers to printf0.o(i._sputc) for _sputc
    printf1.o(i.__0fprintf$1) refers to printf1.o(i._printf_core) for _printf_core
    printf1.o(i.__0fprintf$1) refers to usart.o(i.fputc) for fputc
    printf1.o(i.__0printf$1) refers to printf1.o(i._printf_core) for _printf_core
    printf1.o(i.__0printf$1) refers to usart.o(i.fputc) for fputc
    printf1.o(i.__0printf$1) refers to stdout.o(.data) for __stdout
    printf1.o(i.__0snprintf$1) refers to printf1.o(i._printf_core) for _printf_core
    printf1.o(i.__0snprintf$1) refers to printf1.o(i._snputc) for _snputc
    printf1.o(i.__0sprintf$1) refers to printf1.o(i._printf_core) for _printf_core
    printf1.o(i.__0sprintf$1) refers to printf1.o(i._sputc) for _sputc
    printf1.o(i.__0vfprintf$1) refers to printf1.o(i._printf_core) for _printf_core
    printf1.o(i.__0vfprintf$1) refers to usart.o(i.fputc) for fputc
    printf1.o(i.__0vprintf$1) refers to printf1.o(i._printf_core) for _printf_core
    printf1.o(i.__0vprintf$1) refers to usart.o(i.fputc) for fputc
    printf1.o(i.__0vprintf$1) refers to stdout.o(.data) for __stdout
    printf1.o(i.__0vsnprintf$1) refers to printf1.o(i._printf_core) for _printf_core
    printf1.o(i.__0vsnprintf$1) refers to printf1.o(i._snputc) for _snputc
    printf1.o(i.__0vsprintf$1) refers to printf1.o(i._printf_core) for _printf_core
    printf1.o(i.__0vsprintf$1) refers to printf1.o(i._sputc) for _sputc
    printf1.o(i._printf_core) refers to uidiv.o(.text) for __aeabi_uidivmod
    printf2.o(i.__0fprintf$2) refers to printf2.o(i._printf_core) for _printf_core
    printf2.o(i.__0fprintf$2) refers to usart.o(i.fputc) for fputc
    printf2.o(i.__0printf$2) refers to printf2.o(i._printf_core) for _printf_core
    printf2.o(i.__0printf$2) refers to usart.o(i.fputc) for fputc
    printf2.o(i.__0printf$2) refers to stdout.o(.data) for __stdout
    printf2.o(i.__0snprintf$2) refers to printf2.o(i._printf_core) for _printf_core
    printf2.o(i.__0snprintf$2) refers to printf2.o(i._snputc) for _snputc
    printf2.o(i.__0sprintf$2) refers to printf2.o(i._printf_core) for _printf_core
    printf2.o(i.__0sprintf$2) refers to printf2.o(i._sputc) for _sputc
    printf2.o(i.__0vfprintf$2) refers to printf2.o(i._printf_core) for _printf_core
    printf2.o(i.__0vfprintf$2) refers to usart.o(i.fputc) for fputc
    printf2.o(i.__0vprintf$2) refers to printf2.o(i._printf_core) for _printf_core
    printf2.o(i.__0vprintf$2) refers to usart.o(i.fputc) for fputc
    printf2.o(i.__0vprintf$2) refers to stdout.o(.data) for __stdout
    printf2.o(i.__0vsnprintf$2) refers to printf2.o(i._printf_core) for _printf_core
    printf2.o(i.__0vsnprintf$2) refers to printf2.o(i._snputc) for _snputc
    printf2.o(i.__0vsprintf$2) refers to printf2.o(i._printf_core) for _printf_core
    printf2.o(i.__0vsprintf$2) refers to printf2.o(i._sputc) for _sputc
    printf3.o(i.__0fprintf$3) refers to printf3.o(i._printf_core) for _printf_core
    printf3.o(i.__0fprintf$3) refers to usart.o(i.fputc) for fputc
    printf3.o(i.__0printf$3) refers to printf3.o(i._printf_core) for _printf_core
    printf3.o(i.__0printf$3) refers to usart.o(i.fputc) for fputc
    printf3.o(i.__0printf$3) refers to stdout.o(.data) for __stdout
    printf3.o(i.__0snprintf$3) refers to printf3.o(i._printf_core) for _printf_core
    printf3.o(i.__0snprintf$3) refers to printf3.o(i._snputc) for _snputc
    printf3.o(i.__0sprintf$3) refers to printf3.o(i._printf_core) for _printf_core
    printf3.o(i.__0sprintf$3) refers to printf3.o(i._sputc) for _sputc
    printf3.o(i.__0vfprintf$3) refers to printf3.o(i._printf_core) for _printf_core
    printf3.o(i.__0vfprintf$3) refers to usart.o(i.fputc) for fputc
    printf3.o(i.__0vprintf$3) refers to printf3.o(i._printf_core) for _printf_core
    printf3.o(i.__0vprintf$3) refers to usart.o(i.fputc) for fputc
    printf3.o(i.__0vprintf$3) refers to stdout.o(.data) for __stdout
    printf3.o(i.__0vsnprintf$3) refers to printf3.o(i._printf_core) for _printf_core
    printf3.o(i.__0vsnprintf$3) refers to printf3.o(i._snputc) for _snputc
    printf3.o(i.__0vsprintf$3) refers to printf3.o(i._printf_core) for _printf_core
    printf3.o(i.__0vsprintf$3) refers to printf3.o(i._sputc) for _sputc
    printf3.o(i._printf_core) refers to uidiv.o(.text) for __aeabi_uidivmod
    printf4.o(i.__0fprintf$4) refers to printf4.o(i._printf_core) for _printf_core
    printf4.o(i.__0fprintf$4) refers to usart.o(i.fputc) for fputc
    printf4.o(i.__0printf$4) refers to printf4.o(i._printf_core) for _printf_core
    printf4.o(i.__0printf$4) refers to usart.o(i.fputc) for fputc
    printf4.o(i.__0printf$4) refers to stdout.o(.data) for __stdout
    printf4.o(i.__0snprintf$4) refers to printf4.o(i._printf_core) for _printf_core
    printf4.o(i.__0snprintf$4) refers to printf4.o(i._snputc) for _snputc
    printf4.o(i.__0sprintf$4) refers to printf4.o(i._printf_core) for _printf_core
    printf4.o(i.__0sprintf$4) refers to printf4.o(i._sputc) for _sputc
    printf4.o(i.__0vfprintf$4) refers to printf4.o(i._printf_core) for _printf_core
    printf4.o(i.__0vfprintf$4) refers to usart.o(i.fputc) for fputc
    printf4.o(i.__0vprintf$4) refers to printf4.o(i._printf_core) for _printf_core
    printf4.o(i.__0vprintf$4) refers to usart.o(i.fputc) for fputc
    printf4.o(i.__0vprintf$4) refers to stdout.o(.data) for __stdout
    printf4.o(i.__0vsnprintf$4) refers to printf4.o(i._printf_core) for _printf_core
    printf4.o(i.__0vsnprintf$4) refers to printf4.o(i._snputc) for _snputc
    printf4.o(i.__0vsprintf$4) refers to printf4.o(i._printf_core) for _printf_core
    printf4.o(i.__0vsprintf$4) refers to printf4.o(i._sputc) for _sputc
    printf4.o(i._printf_core) refers to uldiv.o(.text) for __aeabi_uldivmod
    printf5.o(i.__0fprintf$5) refers to printf5.o(i._printf_core) for _printf_core
    printf5.o(i.__0fprintf$5) refers to usart.o(i.fputc) for fputc
    printf5.o(i.__0printf$5) refers to printf5.o(i._printf_core) for _printf_core
    printf5.o(i.__0printf$5) refers to usart.o(i.fputc) for fputc
    printf5.o(i.__0printf$5) refers to stdout.o(.data) for __stdout
    printf5.o(i.__0snprintf$5) refers to printf5.o(i._printf_core) for _printf_core
    printf5.o(i.__0snprintf$5) refers to printf5.o(i._snputc) for _snputc
    printf5.o(i.__0sprintf$5) refers to printf5.o(i._printf_core) for _printf_core
    printf5.o(i.__0sprintf$5) refers to printf5.o(i._sputc) for _sputc
    printf5.o(i.__0vfprintf$5) refers to printf5.o(i._printf_core) for _printf_core
    printf5.o(i.__0vfprintf$5) refers to usart.o(i.fputc) for fputc
    printf5.o(i.__0vprintf$5) refers to printf5.o(i._printf_core) for _printf_core
    printf5.o(i.__0vprintf$5) refers to usart.o(i.fputc) for fputc
    printf5.o(i.__0vprintf$5) refers to stdout.o(.data) for __stdout
    printf5.o(i.__0vsnprintf$5) refers to printf5.o(i._printf_core) for _printf_core
    printf5.o(i.__0vsnprintf$5) refers to printf5.o(i._snputc) for _snputc
    printf5.o(i.__0vsprintf$5) refers to printf5.o(i._printf_core) for _printf_core
    printf5.o(i.__0vsprintf$5) refers to printf5.o(i._sputc) for _sputc
    printf5.o(i._printf_core) refers to uldiv.o(.text) for __aeabi_uldivmod
    printf6.o(i.__0fprintf$6) refers to printf6.o(i._printf_core) for _printf_core
    printf6.o(i.__0fprintf$6) refers to usart.o(i.fputc) for fputc
    printf6.o(i.__0printf$6) refers to printf6.o(i._printf_core) for _printf_core
    printf6.o(i.__0printf$6) refers to usart.o(i.fputc) for fputc
    printf6.o(i.__0printf$6) refers to stdout.o(.data) for __stdout
    printf6.o(i.__0snprintf$6) refers to printf6.o(i._printf_core) for _printf_core
    printf6.o(i.__0snprintf$6) refers to printf6.o(i._snputc) for _snputc
    printf6.o(i.__0sprintf$6) refers to printf6.o(i._printf_core) for _printf_core
    printf6.o(i.__0sprintf$6) refers to printf6.o(i._sputc) for _sputc
    printf6.o(i.__0vfprintf$6) refers to printf6.o(i._printf_core) for _printf_core
    printf6.o(i.__0vfprintf$6) refers to usart.o(i.fputc) for fputc
    printf6.o(i.__0vprintf$6) refers to printf6.o(i._printf_core) for _printf_core
    printf6.o(i.__0vprintf$6) refers to usart.o(i.fputc) for fputc
    printf6.o(i.__0vprintf$6) refers to stdout.o(.data) for __stdout
    printf6.o(i.__0vsnprintf$6) refers to printf6.o(i._printf_core) for _printf_core
    printf6.o(i.__0vsnprintf$6) refers to printf6.o(i._snputc) for _snputc
    printf6.o(i.__0vsprintf$6) refers to printf6.o(i._printf_core) for _printf_core
    printf6.o(i.__0vsprintf$6) refers to printf6.o(i._sputc) for _sputc
    printf6.o(i._printf_core) refers to printf6.o(i._printf_pre_padding) for _printf_pre_padding
    printf6.o(i._printf_core) refers to uidiv.o(.text) for __aeabi_uidivmod
    printf6.o(i._printf_core) refers to printf6.o(i._printf_post_padding) for _printf_post_padding
    printf7.o(i.__0fprintf$7) refers to printf7.o(i._printf_core) for _printf_core
    printf7.o(i.__0fprintf$7) refers to usart.o(i.fputc) for fputc
    printf7.o(i.__0printf$7) refers to printf7.o(i._printf_core) for _printf_core
    printf7.o(i.__0printf$7) refers to usart.o(i.fputc) for fputc
    printf7.o(i.__0printf$7) refers to stdout.o(.data) for __stdout
    printf7.o(i.__0snprintf$7) refers to printf7.o(i._printf_core) for _printf_core
    printf7.o(i.__0snprintf$7) refers to printf7.o(i._snputc) for _snputc
    printf7.o(i.__0sprintf$7) refers to printf7.o(i._printf_core) for _printf_core
    printf7.o(i.__0sprintf$7) refers to printf7.o(i._sputc) for _sputc
    printf7.o(i.__0vfprintf$7) refers to printf7.o(i._printf_core) for _printf_core
    printf7.o(i.__0vfprintf$7) refers to usart.o(i.fputc) for fputc
    printf7.o(i.__0vprintf$7) refers to printf7.o(i._printf_core) for _printf_core
    printf7.o(i.__0vprintf$7) refers to usart.o(i.fputc) for fputc
    printf7.o(i.__0vprintf$7) refers to stdout.o(.data) for __stdout
    printf7.o(i.__0vsnprintf$7) refers to printf7.o(i._printf_core) for _printf_core
    printf7.o(i.__0vsnprintf$7) refers to printf7.o(i._snputc) for _snputc
    printf7.o(i.__0vsprintf$7) refers to printf7.o(i._printf_core) for _printf_core
    printf7.o(i.__0vsprintf$7) refers to printf7.o(i._sputc) for _sputc
    printf7.o(i._printf_core) refers to printf7.o(i._printf_pre_padding) for _printf_pre_padding
    printf7.o(i._printf_core) refers to uldiv.o(.text) for __aeabi_uldivmod
    printf7.o(i._printf_core) refers to printf7.o(i._printf_post_padding) for _printf_post_padding
    printf8.o(i.__0fprintf$8) refers to printf8.o(i._printf_core) for _printf_core
    printf8.o(i.__0fprintf$8) refers to usart.o(i.fputc) for fputc
    printf8.o(i.__0printf$8) refers to printf8.o(i._printf_core) for _printf_core
    printf8.o(i.__0printf$8) refers to usart.o(i.fputc) for fputc
    printf8.o(i.__0printf$8) refers to stdout.o(.data) for __stdout
    printf8.o(i.__0snprintf$8) refers to printf8.o(i._printf_core) for _printf_core
    printf8.o(i.__0snprintf$8) refers to printf8.o(i._snputc) for _snputc
    printf8.o(i.__0sprintf$8) refers to printf8.o(i._printf_core) for _printf_core
    printf8.o(i.__0sprintf$8) refers to printf8.o(i._sputc) for _sputc
    printf8.o(i.__0vfprintf$8) refers to printf8.o(i._printf_core) for _printf_core
    printf8.o(i.__0vfprintf$8) refers to usart.o(i.fputc) for fputc
    printf8.o(i.__0vprintf$8) refers to printf8.o(i._printf_core) for _printf_core
    printf8.o(i.__0vprintf$8) refers to usart.o(i.fputc) for fputc
    printf8.o(i.__0vprintf$8) refers to stdout.o(.data) for __stdout
    printf8.o(i.__0vsnprintf$8) refers to printf8.o(i._printf_core) for _printf_core
    printf8.o(i.__0vsnprintf$8) refers to printf8.o(i._snputc) for _snputc
    printf8.o(i.__0vsprintf$8) refers to printf8.o(i._printf_core) for _printf_core
    printf8.o(i.__0vsprintf$8) refers to printf8.o(i._sputc) for _sputc
    printf8.o(i._printf_core) refers to printf8.o(i._printf_pre_padding) for _printf_pre_padding
    printf8.o(i._printf_core) refers to uldiv.o(.text) for __aeabi_uldivmod
    printf8.o(i._printf_core) refers to printf8.o(i._printf_post_padding) for _printf_post_padding
    printfa.o(i.__0fprintf) refers (Special) to iusefp.o(.text) for __I$use$fp
    printfa.o(i.__0fprintf) refers to printfa.o(i._printf_core) for _printf_core
    printfa.o(i.__0fprintf) refers to usart.o(i.fputc) for fputc
    printfa.o(i.__0printf) refers (Special) to iusefp.o(.text) for __I$use$fp
    printfa.o(i.__0printf) refers to printfa.o(i._printf_core) for _printf_core
    printfa.o(i.__0printf) refers to usart.o(i.fputc) for fputc
    printfa.o(i.__0printf) refers to stdout.o(.data) for __stdout
    printfa.o(i.__0snprintf) refers (Special) to iusefp.o(.text) for __I$use$fp
    printfa.o(i.__0snprintf) refers to printfa.o(i._printf_core) for _printf_core
    printfa.o(i.__0snprintf) refers to printfa.o(i._snputc) for _snputc
    printfa.o(i.__0sprintf) refers (Special) to iusefp.o(.text) for __I$use$fp
    printfa.o(i.__0sprintf) refers to printfa.o(i._printf_core) for _printf_core
    printfa.o(i.__0sprintf) refers to printfa.o(i._sputc) for _sputc
    printfa.o(i.__0vfprintf) refers (Special) to iusefp.o(.text) for __I$use$fp
    printfa.o(i.__0vfprintf) refers to printfa.o(i._printf_core) for _printf_core
    printfa.o(i.__0vfprintf) refers to usart.o(i.fputc) for fputc
    printfa.o(i.__0vprintf) refers (Special) to iusefp.o(.text) for __I$use$fp
    printfa.o(i.__0vprintf) refers to printfa.o(i._printf_core) for _printf_core
    printfa.o(i.__0vprintf) refers to usart.o(i.fputc) for fputc
    printfa.o(i.__0vprintf) refers to stdout.o(.data) for __stdout
    printfa.o(i.__0vsnprintf) refers (Special) to iusefp.o(.text) for __I$use$fp
    printfa.o(i.__0vsnprintf) refers to printfa.o(i._printf_core) for _printf_core
    printfa.o(i.__0vsnprintf) refers to printfa.o(i._snputc) for _snputc
    printfa.o(i.__0vsprintf) refers (Special) to iusefp.o(.text) for __I$use$fp
    printfa.o(i.__0vsprintf) refers to printfa.o(i._printf_core) for _printf_core
    printfa.o(i.__0vsprintf) refers to printfa.o(i._sputc) for _sputc
    printfa.o(i._fp_digits) refers (Special) to iusefp.o(.text) for __I$use$fp
    printfa.o(i._fp_digits) refers to dmul.o(.text) for __aeabi_dmul
    printfa.o(i._fp_digits) refers to ddiv.o(.text) for __aeabi_ddiv
    printfa.o(i._fp_digits) refers to cdrcmple.o(.text) for __aeabi_cdrcmple
    printfa.o(i._fp_digits) refers to dadd.o(.text) for __aeabi_dadd
    printfa.o(i._fp_digits) refers to dfixul.o(.text) for __aeabi_d2ulz
    printfa.o(i._fp_digits) refers to uldiv.o(.text) for __aeabi_uldivmod
    printfa.o(i._printf_core) refers (Special) to iusefp.o(.text) for __I$use$fp
    printfa.o(i._printf_core) refers to printfa.o(i._printf_pre_padding) for _printf_pre_padding
    printfa.o(i._printf_core) refers to uldiv.o(.text) for __aeabi_uldivmod
    printfa.o(i._printf_core) refers to printfa.o(i._printf_post_padding) for _printf_post_padding
    printfa.o(i._printf_core) refers to printfa.o(i._fp_digits) for _fp_digits
    printfa.o(i._printf_core) refers to uidiv.o(.text) for __aeabi_uidivmod
    printfa.o(i._printf_post_padding) refers (Special) to iusefp.o(.text) for __I$use$fp
    printfa.o(i._printf_pre_padding) refers (Special) to iusefp.o(.text) for __I$use$fp
    printfa.o(i._snputc) refers (Special) to iusefp.o(.text) for __I$use$fp
    printfa.o(i._sputc) refers (Special) to iusefp.o(.text) for __I$use$fp
    dadd.o(.text) refers (Special) to iusefp.o(.text) for __I$use$fp
    dadd.o(.text) refers to llshl.o(.text) for __aeabi_llsl
    dadd.o(.text) refers to llsshr.o(.text) for __aeabi_lasr
    dadd.o(.text) refers to depilogue.o(.text) for _double_epilogue
    dmul.o(.text) refers (Special) to iusefp.o(.text) for __I$use$fp
    dmul.o(.text) refers to depilogue.o(.text) for _double_epilogue
    ddiv.o(.text) refers (Special) to iusefp.o(.text) for __I$use$fp
    ddiv.o(.text) refers to depilogue.o(.text) for _double_round
    dfltui.o(.text) refers (Special) to iusefp.o(.text) for __I$use$fp
    dfltui.o(.text) refers to depilogue.o(.text) for _double_epilogue
    entry2.o(.ARM.Collect$$$$00000001) refers to entry2.o(.ARM.Collect$$$$00002712) for __lit__00000000
    entry2.o(.ARM.Collect$$$$00002712) refers to startup_stm32f10x_hd.o(STACK) for __initial_sp
    entry2.o(__vectab_stack_and_reset_area) refers to startup_stm32f10x_hd.o(STACK) for __initial_sp
    entry2.o(__vectab_stack_and_reset_area) refers to entry.o(.ARM.Collect$$$$00000000) for __main
    entry5.o(.ARM.Collect$$$$00000004) refers to init.o(.text) for __scatterload
    entry9a.o(.ARM.Collect$$$$0000000B) refers to main.o(i.main) for main
    entry9b.o(.ARM.Collect$$$$0000000C) refers to main.o(i.main) for main
    uldiv.o(.text) refers to llushr.o(.text) for __aeabi_llsr
    uldiv.o(.text) refers to llshl.o(.text) for __aeabi_llsl
    depilogue.o(.text) refers to llshl.o(.text) for __aeabi_llsl
    depilogue.o(.text) refers to llushr.o(.text) for __aeabi_llsr
    dfixul.o(.text) refers to llushr.o(.text) for __aeabi_llsr
    dfixul.o(.text) refers to llshl.o(.text) for __aeabi_llsl
    init.o(.text) refers to entry5.o(.ARM.Collect$$$$00000004) for __main_after_scatterload


==============================================================================

Removing Unused input sections from the image.

    Removing delay.o(i.Delay_s), (24 bytes).
    Removing core_cm3.o(.emb_text), (32 bytes).
    Removing startup_stm32f10x_hd.o(HEAP), (512 bytes).
    Removing system_stm32f10x.o(i.SystemCoreClockUpdate), (124 bytes).
    Removing system_stm32f10x.o(.data), (20 bytes).
    Removing led.o(i.LED_Init), (80 bytes).
    Removing led.o(i.LED_Off), (16 bytes).
    Removing led.o(i.LED_On), (16 bytes).
    Removing usart.o(i.USART1_Init), (136 bytes).
    Removing usart.o(i.USART1_InitWithIt), (200 bytes).
    Removing usart.o(i.USART1_ReceiveByte), (24 bytes).
    Removing usart.o(i.USART1_ReceiveBytes), (26 bytes).
    Removing usart.o(i.USART1_ReceiveBytesToIdle), (44 bytes).
    Removing usart.o(i.USART1_TransmitBytes), (26 bytes).
    Removing hard_i2c.o(i.I2C_Init), (96 bytes).
    Removing hard_i2c.o(i.I2C_ReceiveByte), (56 bytes).
    Removing hard_i2c.o(i.I2C_SendACK), (16 bytes).
    Removing hard_i2c.o(i.I2C_SendAddr), (48 bytes).
    Removing hard_i2c.o(i.I2C_SendByte), (44 bytes).
    Removing hard_i2c.o(i.I2C_SendNACK), (16 bytes).
    Removing hard_i2c.o(i.I2C_SendStop), (48 bytes).
    Removing hard_i2c.o(i.I2C_SetStop), (16 bytes).
    Removing hard_i2c.o(i.I2C_Start), (48 bytes).
    Removing systick.o(i.Systick_Init), (32 bytes).
    Removing tim6.o(i.TIM6_Init), (156 bytes).
    Removing tim5.o(i.TIM5_PWMLedBreathInit), (148 bytes).
    Removing tim5.o(i.TIM5_SetDuty), (12 bytes).
    Removing tim4.o(i.TIM4_CH1CH2MeasurePWMDutyAndCycleInit), (260 bytes).
    Removing tim4.o(i.TIM4_CH1MeasurePWMCycleInit), (220 bytes).
    Removing tim4.o(i.TIM4_GetDuty), (76 bytes).
    Removing tim4.o(i.TIM4_GetPWMCycleMS), (44 bytes).
    Removing tim4.o(i.TIM4_GetPWMFreq), (36 bytes).
    Removing tim4.o(i.TIM4_ReadCCR1), (12 bytes).
    Removing tim1.o(i.TIM1_5PWMInit), (196 bytes).
    Removing m24c02.o(i.M24C02_Init), (4 bytes).
    Removing m24c02.o(i.M24C02_ReadByte), (54 bytes).
    Removing m24c02.o(i.M24C02_ReadBytes), (76 bytes).
    Removing m24c02.o(i.M24C02_SendByte), (42 bytes).
    Removing m24c02.o(i.M24C02_SendBytes), (56 bytes).
    Removing dadd.o(.text), (334 bytes).
    Removing dmul.o(.text), (228 bytes).
    Removing ddiv.o(.text), (222 bytes).
    Removing dfltui.o(.text), (26 bytes).
    Removing depilogue.o(.text), (186 bytes).
    Removing dfixul.o(.text), (48 bytes).
    Removing cdrcmple.o(.text), (48 bytes).

46 unused section(s) (total 4184 bytes) removed from the image.

==============================================================================

Image Symbol Table

    Local Symbols

    Symbol Name                              Value     Ov Type        Size  Object(Section)

    ../clib/microlib/division.c              0x00000000   Number         0  uidiv.o ABSOLUTE
    ../clib/microlib/division.c              0x00000000   Number         0  uldiv.o ABSOLUTE
    ../clib/microlib/init/entry.s            0x00000000   Number         0  entry12a.o ABSOLUTE
    ../clib/microlib/init/entry.s            0x00000000   Number         0  entry11b.o ABSOLUTE
    ../clib/microlib/init/entry.s            0x00000000   Number         0  entry11a.o ABSOLUTE
    ../clib/microlib/init/entry.s            0x00000000   Number         0  entry10b.o ABSOLUTE
    ../clib/microlib/init/entry.s            0x00000000   Number         0  entry10a.o ABSOLUTE
    ../clib/microlib/init/entry.s            0x00000000   Number         0  entry9b.o ABSOLUTE
    ../clib/microlib/init/entry.s            0x00000000   Number         0  entry8b.o ABSOLUTE
    ../clib/microlib/init/entry.s            0x00000000   Number         0  entry8a.o ABSOLUTE
    ../clib/microlib/init/entry.s            0x00000000   Number         0  entry7b.o ABSOLUTE
    ../clib/microlib/init/entry.s            0x00000000   Number         0  entry7a.o ABSOLUTE
    ../clib/microlib/init/entry.s            0x00000000   Number         0  entry.o ABSOLUTE
    ../clib/microlib/init/entry.s            0x00000000   Number         0  entry5.o ABSOLUTE
    ../clib/microlib/init/entry.s            0x00000000   Number         0  entry2.o ABSOLUTE
    ../clib/microlib/init/entry.s            0x00000000   Number         0  entry9a.o ABSOLUTE
    ../clib/microlib/init/entry.s            0x00000000   Number         0  entry12b.o ABSOLUTE
    ../clib/microlib/longlong.c              0x00000000   Number         0  llushr.o ABSOLUTE
    ../clib/microlib/longlong.c              0x00000000   Number         0  llsshr.o ABSOLUTE
    ../clib/microlib/longlong.c              0x00000000   Number         0  llshl.o ABSOLUTE
    ../clib/microlib/printf/printf.c         0x00000000   Number         0  printfb.o ABSOLUTE
    ../clib/microlib/printf/printf.c         0x00000000   Number         0  printf6.o ABSOLUTE
    ../clib/microlib/printf/printf.c         0x00000000   Number         0  printf5.o ABSOLUTE
    ../clib/microlib/printf/printf.c         0x00000000   Number         0  printf4.o ABSOLUTE
    ../clib/microlib/printf/printf.c         0x00000000   Number         0  printf3.o ABSOLUTE
    ../clib/microlib/printf/printf.c         0x00000000   Number         0  printf2.o ABSOLUTE
    ../clib/microlib/printf/printf.c         0x00000000   Number         0  printf7.o ABSOLUTE
    ../clib/microlib/printf/printf.c         0x00000000   Number         0  printf1.o ABSOLUTE
    ../clib/microlib/printf/printf.c         0x00000000   Number         0  printf0.o ABSOLUTE
    ../clib/microlib/printf/printf.c         0x00000000   Number         0  printfa.o ABSOLUTE
    ../clib/microlib/printf/printf.c         0x00000000   Number         0  printf8.o ABSOLUTE
    ../clib/microlib/stdio/streams.c         0x00000000   Number         0  stdout.o ABSOLUTE
    ../clib/microlib/stubs.s                 0x00000000   Number         0  iusefp.o ABSOLUTE
    ../fplib/microlib/fpadd.c                0x00000000   Number         0  dadd.o ABSOLUTE
    ../fplib/microlib/fpdiv.c                0x00000000   Number         0  ddiv.o ABSOLUTE
    ../fplib/microlib/fpepilogue.c           0x00000000   Number         0  depilogue.o ABSOLUTE
    ../fplib/microlib/fpfix.c                0x00000000   Number         0  dfixul.o ABSOLUTE
    ../fplib/microlib/fpflt.c                0x00000000   Number         0  dfltui.o ABSOLUTE
    ../fplib/microlib/fpmul.c                0x00000000   Number         0  dmul.o ABSOLUTE
    Application\app_key_lcd_brightness_ctrl.c 0x00000000   Number         0  app_key_lcd_brightness_ctrl.o ABSOLUTE
    Hardware\I2C\hard_I2C.c                  0x00000000   Number         0  hard_i2c.o ABSOLUTE
    Hardware\KEY\key.c                       0x00000000   Number         0  key.o ABSOLUTE
    Hardware\LED\led.c                       0x00000000   Number         0  led.o ABSOLUTE
    Hardware\SYSTICK\systick.c               0x00000000   Number         0  systick.o ABSOLUTE
    Hardware\TIM\tim1.c                      0x00000000   Number         0  tim1.o ABSOLUTE
    Hardware\TIM\tim3.c                      0x00000000   Number         0  tim3.o ABSOLUTE
    Hardware\TIM\tim4.c                      0x00000000   Number         0  tim4.o ABSOLUTE
    Hardware\TIM\tim5.c                      0x00000000   Number         0  tim5.o ABSOLUTE
    Hardware\TIM\tim6.c                      0x00000000   Number         0  tim6.o ABSOLUTE
    Hardware\USART\usart.c                   0x00000000   Number         0  usart.o ABSOLUTE
    Interface\EEPROM\M24C02.c                0x00000000   Number         0  m24c02.o ABSOLUTE
    Start\\core_cm3.c                        0x00000000   Number         0  core_cm3.o ABSOLUTE
    Start\core_cm3.c                         0x00000000   Number         0  core_cm3.o ABSOLUTE
    Start\startup_stm32f10x_hd.s             0x00000000   Number         0  startup_stm32f10x_hd.o ABSOLUTE
    Start\system_stm32f10x.c                 0x00000000   Number         0  system_stm32f10x.o ABSOLUTE
    User\delay.c                             0x00000000   Number         0  delay.o ABSOLUTE
    User\main.c                              0x00000000   Number         0  main.o ABSOLUTE
    cdrcmple.s                               0x00000000   Number         0  cdrcmple.o ABSOLUTE
    dc.s                                     0x00000000   Number         0  dc.o ABSOLUTE
    handlers.s                               0x00000000   Number         0  handlers.o ABSOLUTE
    init.s                                   0x00000000   Number         0  init.o ABSOLUTE
    RESET                                    0x08000000   Section      304  startup_stm32f10x_hd.o(RESET)
    .ARM.Collect$$$$00000000                 0x08000130   Section        0  entry.o(.ARM.Collect$$$$00000000)
    .ARM.Collect$$$$00000001                 0x08000130   Section        4  entry2.o(.ARM.Collect$$$$00000001)
    .ARM.Collect$$$$00000004                 0x08000134   Section        4  entry5.o(.ARM.Collect$$$$00000004)
    .ARM.Collect$$$$00000008                 0x08000138   Section        0  entry7b.o(.ARM.Collect$$$$00000008)
    .ARM.Collect$$$$0000000A                 0x08000138   Section        0  entry8b.o(.ARM.Collect$$$$0000000A)
    .ARM.Collect$$$$0000000B                 0x08000138   Section        8  entry9a.o(.ARM.Collect$$$$0000000B)
    .ARM.Collect$$$$0000000E                 0x08000140   Section        4  entry12b.o(.ARM.Collect$$$$0000000E)
    .ARM.Collect$$$$0000000F                 0x08000144   Section        0  entry10a.o(.ARM.Collect$$$$0000000F)
    .ARM.Collect$$$$00000011                 0x08000144   Section        0  entry11a.o(.ARM.Collect$$$$00000011)
    .ARM.Collect$$$$00002712                 0x08000144   Section        4  entry2.o(.ARM.Collect$$$$00002712)
    __lit__00000000                          0x08000144   Data           4  entry2.o(.ARM.Collect$$$$00002712)
    .text                                    0x08000148   Section       36  startup_stm32f10x_hd.o(.text)
    .text                                    0x0800016c   Section       36  init.o(.text)
    i.Delay_ms                               0x08000190   Section        0  delay.o(i.Delay_ms)
    i.Delay_us                               0x080001a8   Section        0  delay.o(i.Delay_us)
    i.EXTI15_10_IRQHandler                   0x080001dc   Section        0  app_key_lcd_brightness_ctrl.o(i.EXTI15_10_IRQHandler)
    i.EXTI9_5_IRQHandler                     0x08000218   Section        0  app_key_lcd_brightness_ctrl.o(i.EXTI9_5_IRQHandler)
    i.KEY1_Init                              0x08000274   Section        0  key.o(i.KEY1_Init)
    i.KEY3_Init                              0x080002f8   Section        0  key.o(i.KEY3_Init)
    i.KEY5_Init                              0x0800037c   Section        0  key.o(i.KEY5_Init)
    i.LED_Toggle                             0x08000400   Section        0  led.o(i.LED_Toggle)
    i.NVIC_EnableIRQ                         0x08000410   Section        0  key.o(i.NVIC_EnableIRQ)
    NVIC_EnableIRQ                           0x08000411   Thumb Code    22  key.o(i.NVIC_EnableIRQ)
    i.NVIC_SetPriority                       0x08000426   Section        0  key.o(i.NVIC_SetPriority)
    NVIC_SetPriority                         0x08000427   Thumb Code    32  key.o(i.NVIC_SetPriority)
    i.NVIC_SetPriorityGrouping               0x08000448   Section        0  key.o(i.NVIC_SetPriorityGrouping)
    NVIC_SetPriorityGrouping                 0x08000449   Thumb Code    26  key.o(i.NVIC_SetPriorityGrouping)
    i.SetSysClock                            0x0800046c   Section        0  system_stm32f10x.o(i.SetSysClock)
    SetSysClock                              0x0800046d   Thumb Code     4  system_stm32f10x.o(i.SetSysClock)
    i.SetSysClockTo72                        0x08000470   Section        0  system_stm32f10x.o(i.SetSysClockTo72)
    SetSysClockTo72                          0x08000471   Thumb Code   166  system_stm32f10x.o(i.SetSysClockTo72)
    i.SysTick_Handler                        0x08000520   Section        0  systick.o(i.SysTick_Handler)
    i.SystemInit                             0x0800055c   Section        0  system_stm32f10x.o(i.SystemInit)
    i.TIM3_PWMLcd_Init                       0x080005ac   Section        0  tim3.o(i.TIM3_PWMLcd_Init)
    i.TIM3_SetDuty                           0x08000640   Section        0  tim3.o(i.TIM3_SetDuty)
    i.TIM4_IRQHandler                        0x0800064c   Section        0  tim4.o(i.TIM4_IRQHandler)
    i.TIM6_IRQHandler                        0x08000664   Section        0  tim6.o(i.TIM6_IRQHandler)
    i.USART1_IRQHandler                      0x08000694   Section        0  usart.o(i.USART1_IRQHandler)
    i.USART1_TransmitByte                    0x080006cc   Section        0  usart.o(i.USART1_TransmitByte)
    i.__0printf$bare                         0x080006e0   Section        0  printfb.o(i.__0printf$bare)
    i.__scatterload_copy                     0x080006f0   Section       14  handlers.o(i.__scatterload_copy)
    i.__scatterload_null                     0x080006fe   Section        2  handlers.o(i.__scatterload_null)
    i.__scatterload_zeroinit                 0x08000700   Section       14  handlers.o(i.__scatterload_zeroinit)
    i._printf_core                           0x0800070e   Section        0  printfb.o(i._printf_core)
    _printf_core                             0x0800070f   Thumb Code    34  printfb.o(i._printf_core)
    i.fputc                                  0x08000730   Section        0  usart.o(i.fputc)
    i.key_control_lcd_brightness_10level     0x08000740   Section        0  app_key_lcd_brightness_ctrl.o(i.key_control_lcd_brightness_10level)
    i.key_control_lcd_brightness_10level_Init 0x0800076c   Section        0  app_key_lcd_brightness_ctrl.o(i.key_control_lcd_brightness_10level_Init)
    i.main                                   0x08000782   Section        0  main.o(i.main)
    .data                                    0x20000000   Section        2  usart.o(.data)
    .data                                    0x20000002   Section        2  systick.o(.data)
    .data                                    0x20000004   Section        2  app_key_lcd_brightness_ctrl.o(.data)
    .data                                    0x20000008   Section        4  stdout.o(.data)
    .bss                                     0x2000000c   Section      100  usart.o(.bss)
    STACK                                    0x20000070   Section     1024  startup_stm32f10x_hd.o(STACK)

    Global Symbols

    Symbol Name                              Value     Ov Type        Size  Object(Section)

    BuildAttributes$$THM_ISAv4$P$D$K$B$S$PE$A:L22UL41UL21$X:L11$S22US41US21$IEEE1$IW$USESV6$~STKCKD$USESV7$~SHL$OSPACE$ROPI$EBA8$MICROLIB$REQ8$PRES8$EABIv2 0x00000000   Number         0  anon$$obj.o ABSOLUTE
    __ARM_use_no_argv                        0x00000000   Number         0  main.o ABSOLUTE
    __arm_fini_                               - Undefined Weak Reference
    __cpp_initialize__aeabi_                  - Undefined Weak Reference
    __cxa_finalize                            - Undefined Weak Reference
    __decompress                              - Undefined Weak Reference
    _clock_init                               - Undefined Weak Reference
    _microlib_exit                            - Undefined Weak Reference
    __Vectors_Size                           0x00000130   Number         0  startup_stm32f10x_hd.o ABSOLUTE
    __Vectors                                0x08000000   Data           4  startup_stm32f10x_hd.o(RESET)
    __Vectors_End                            0x08000130   Data           0  startup_stm32f10x_hd.o(RESET)
    __main                                   0x08000131   Thumb Code     0  entry.o(.ARM.Collect$$$$00000000)
    _main_stk                                0x08000131   Thumb Code     0  entry2.o(.ARM.Collect$$$$00000001)
    _main_scatterload                        0x08000135   Thumb Code     0  entry5.o(.ARM.Collect$$$$00000004)
    __main_after_scatterload                 0x08000139   Thumb Code     0  entry5.o(.ARM.Collect$$$$00000004)
    _main_clock                              0x08000139   Thumb Code     0  entry7b.o(.ARM.Collect$$$$00000008)
    _main_cpp_init                           0x08000139   Thumb Code     0  entry8b.o(.ARM.Collect$$$$0000000A)
    _main_init                               0x08000139   Thumb Code     0  entry9a.o(.ARM.Collect$$$$0000000B)
    __rt_lib_shutdown_fini                   0x08000141   Thumb Code     0  entry12b.o(.ARM.Collect$$$$0000000E)
    __rt_final_cpp                           0x08000145   Thumb Code     0  entry10a.o(.ARM.Collect$$$$0000000F)
    __rt_final_exit                          0x08000145   Thumb Code     0  entry11a.o(.ARM.Collect$$$$00000011)
    Reset_Handler                            0x08000149   Thumb Code     8  startup_stm32f10x_hd.o(.text)
    NMI_Handler                              0x08000151   Thumb Code     2  startup_stm32f10x_hd.o(.text)
    HardFault_Handler                        0x08000153   Thumb Code     2  startup_stm32f10x_hd.o(.text)
    MemManage_Handler                        0x08000155   Thumb Code     2  startup_stm32f10x_hd.o(.text)
    BusFault_Handler                         0x08000157   Thumb Code     2  startup_stm32f10x_hd.o(.text)
    UsageFault_Handler                       0x08000159   Thumb Code     2  startup_stm32f10x_hd.o(.text)
    SVC_Handler                              0x0800015b   Thumb Code     2  startup_stm32f10x_hd.o(.text)
    DebugMon_Handler                         0x0800015d   Thumb Code     2  startup_stm32f10x_hd.o(.text)
    PendSV_Handler                           0x0800015f   Thumb Code     2  startup_stm32f10x_hd.o(.text)
    ADC1_2_IRQHandler                        0x08000163   Thumb Code     0  startup_stm32f10x_hd.o(.text)
    ADC3_IRQHandler                          0x08000163   Thumb Code     0  startup_stm32f10x_hd.o(.text)
    CAN1_RX1_IRQHandler                      0x08000163   Thumb Code     0  startup_stm32f10x_hd.o(.text)
    CAN1_SCE_IRQHandler                      0x08000163   Thumb Code     0  startup_stm32f10x_hd.o(.text)
    DMA1_Channel1_IRQHandler                 0x08000163   Thumb Code     0  startup_stm32f10x_hd.o(.text)
    DMA1_Channel2_IRQHandler                 0x08000163   Thumb Code     0  startup_stm32f10x_hd.o(.text)
    DMA1_Channel3_IRQHandler                 0x08000163   Thumb Code     0  startup_stm32f10x_hd.o(.text)
    DMA1_Channel4_IRQHandler                 0x08000163   Thumb Code     0  startup_stm32f10x_hd.o(.text)
    DMA1_Channel5_IRQHandler                 0x08000163   Thumb Code     0  startup_stm32f10x_hd.o(.text)
    DMA1_Channel6_IRQHandler                 0x08000163   Thumb Code     0  startup_stm32f10x_hd.o(.text)
    DMA1_Channel7_IRQHandler                 0x08000163   Thumb Code     0  startup_stm32f10x_hd.o(.text)
    DMA2_Channel1_IRQHandler                 0x08000163   Thumb Code     0  startup_stm32f10x_hd.o(.text)
    DMA2_Channel2_IRQHandler                 0x08000163   Thumb Code     0  startup_stm32f10x_hd.o(.text)
    DMA2_Channel3_IRQHandler                 0x08000163   Thumb Code     0  startup_stm32f10x_hd.o(.text)
    DMA2_Channel4_5_IRQHandler               0x08000163   Thumb Code     0  startup_stm32f10x_hd.o(.text)
    EXTI0_IRQHandler                         0x08000163   Thumb Code     0  startup_stm32f10x_hd.o(.text)
    EXTI1_IRQHandler                         0x08000163   Thumb Code     0  startup_stm32f10x_hd.o(.text)
    EXTI2_IRQHandler                         0x08000163   Thumb Code     0  startup_stm32f10x_hd.o(.text)
    EXTI3_IRQHandler                         0x08000163   Thumb Code     0  startup_stm32f10x_hd.o(.text)
    EXTI4_IRQHandler                         0x08000163   Thumb Code     0  startup_stm32f10x_hd.o(.text)
    FLASH_IRQHandler                         0x08000163   Thumb Code     0  startup_stm32f10x_hd.o(.text)
    FSMC_IRQHandler                          0x08000163   Thumb Code     0  startup_stm32f10x_hd.o(.text)
    I2C1_ER_IRQHandler                       0x08000163   Thumb Code     0  startup_stm32f10x_hd.o(.text)
    I2C1_EV_IRQHandler                       0x08000163   Thumb Code     0  startup_stm32f10x_hd.o(.text)
    I2C2_ER_IRQHandler                       0x08000163   Thumb Code     0  startup_stm32f10x_hd.o(.text)
    I2C2_EV_IRQHandler                       0x08000163   Thumb Code     0  startup_stm32f10x_hd.o(.text)
    PVD_IRQHandler                           0x08000163   Thumb Code     0  startup_stm32f10x_hd.o(.text)
    RCC_IRQHandler                           0x08000163   Thumb Code     0  startup_stm32f10x_hd.o(.text)
    RTCAlarm_IRQHandler                      0x08000163   Thumb Code     0  startup_stm32f10x_hd.o(.text)
    RTC_IRQHandler                           0x08000163   Thumb Code     0  startup_stm32f10x_hd.o(.text)
    SDIO_IRQHandler                          0x08000163   Thumb Code     0  startup_stm32f10x_hd.o(.text)
    SPI1_IRQHandler                          0x08000163   Thumb Code     0  startup_stm32f10x_hd.o(.text)
    SPI2_IRQHandler                          0x08000163   Thumb Code     0  startup_stm32f10x_hd.o(.text)
    SPI3_IRQHandler                          0x08000163   Thumb Code     0  startup_stm32f10x_hd.o(.text)
    TAMPER_IRQHandler                        0x08000163   Thumb Code     0  startup_stm32f10x_hd.o(.text)
    TIM1_BRK_IRQHandler                      0x08000163   Thumb Code     0  startup_stm32f10x_hd.o(.text)
    TIM1_CC_IRQHandler                       0x08000163   Thumb Code     0  startup_stm32f10x_hd.o(.text)
    TIM1_TRG_COM_IRQHandler                  0x08000163   Thumb Code     0  startup_stm32f10x_hd.o(.text)
    TIM1_UP_IRQHandler                       0x08000163   Thumb Code     0  startup_stm32f10x_hd.o(.text)
    TIM2_IRQHandler                          0x08000163   Thumb Code     0  startup_stm32f10x_hd.o(.text)
    TIM3_IRQHandler                          0x08000163   Thumb Code     0  startup_stm32f10x_hd.o(.text)
    TIM5_IRQHandler                          0x08000163   Thumb Code     0  startup_stm32f10x_hd.o(.text)
    TIM7_IRQHandler                          0x08000163   Thumb Code     0  startup_stm32f10x_hd.o(.text)
    TIM8_BRK_IRQHandler                      0x08000163   Thumb Code     0  startup_stm32f10x_hd.o(.text)
    TIM8_CC_IRQHandler                       0x08000163   Thumb Code     0  startup_stm32f10x_hd.o(.text)
    TIM8_TRG_COM_IRQHandler                  0x08000163   Thumb Code     0  startup_stm32f10x_hd.o(.text)
    TIM8_UP_IRQHandler                       0x08000163   Thumb Code     0  startup_stm32f10x_hd.o(.text)
    UART4_IRQHandler                         0x08000163   Thumb Code     0  startup_stm32f10x_hd.o(.text)
    UART5_IRQHandler                         0x08000163   Thumb Code     0  startup_stm32f10x_hd.o(.text)
    USART2_IRQHandler                        0x08000163   Thumb Code     0  startup_stm32f10x_hd.o(.text)
    USART3_IRQHandler                        0x08000163   Thumb Code     0  startup_stm32f10x_hd.o(.text)
    USBWakeUp_IRQHandler                     0x08000163   Thumb Code     0  startup_stm32f10x_hd.o(.text)
    USB_HP_CAN1_TX_IRQHandler                0x08000163   Thumb Code     0  startup_stm32f10x_hd.o(.text)
    USB_LP_CAN1_RX0_IRQHandler               0x08000163   Thumb Code     0  startup_stm32f10x_hd.o(.text)
    WWDG_IRQHandler                          0x08000163   Thumb Code     0  startup_stm32f10x_hd.o(.text)
    __scatterload                            0x0800016d   Thumb Code    28  init.o(.text)
    __scatterload_rt2                        0x0800016d   Thumb Code     0  init.o(.text)
    Delay_ms                                 0x08000191   Thumb Code    24  delay.o(i.Delay_ms)
    Delay_us                                 0x080001a9   Thumb Code    52  delay.o(i.Delay_us)
    EXTI15_10_IRQHandler                     0x080001dd   Thumb Code    46  app_key_lcd_brightness_ctrl.o(i.EXTI15_10_IRQHandler)
    EXTI9_5_IRQHandler                       0x08000219   Thumb Code    78  app_key_lcd_brightness_ctrl.o(i.EXTI9_5_IRQHandler)
    KEY1_Init                                0x08000275   Thumb Code   114  key.o(i.KEY1_Init)
    KEY3_Init                                0x080002f9   Thumb Code   114  key.o(i.KEY3_Init)
    KEY5_Init                                0x0800037d   Thumb Code   114  key.o(i.KEY5_Init)
    LED_Toggle                               0x08000401   Thumb Code    10  led.o(i.LED_Toggle)
    SysTick_Handler                          0x08000521   Thumb Code    36  systick.o(i.SysTick_Handler)
    SystemInit                               0x0800055d   Thumb Code    64  system_stm32f10x.o(i.SystemInit)
    TIM3_PWMLcd_Init                         0x080005ad   Thumb Code   134  tim3.o(i.TIM3_PWMLcd_Init)
    TIM3_SetDuty                             0x08000641   Thumb Code     6  tim3.o(i.TIM3_SetDuty)
    TIM4_IRQHandler                          0x0800064d   Thumb Code    20  tim4.o(i.TIM4_IRQHandler)
    TIM6_IRQHandler                          0x08000665   Thumb Code    28  tim6.o(i.TIM6_IRQHandler)
    USART1_IRQHandler                        0x08000695   Thumb Code    42  usart.o(i.USART1_IRQHandler)
    USART1_TransmitByte                      0x080006cd   Thumb Code    16  usart.o(i.USART1_TransmitByte)
    __0printf$bare                           0x080006e1   Thumb Code     8  printfb.o(i.__0printf$bare)
    __1printf$bare                           0x080006e1   Thumb Code     0  printfb.o(i.__0printf$bare)
    __2printf                                0x080006e1   Thumb Code     0  printfb.o(i.__0printf$bare)
    __scatterload_copy                       0x080006f1   Thumb Code    14  handlers.o(i.__scatterload_copy)
    __scatterload_null                       0x080006ff   Thumb Code     2  handlers.o(i.__scatterload_null)
    __scatterload_zeroinit                   0x08000701   Thumb Code    14  handlers.o(i.__scatterload_zeroinit)
    fputc                                    0x08000731   Thumb Code    14  usart.o(i.fputc)
    key_control_lcd_brightness_10level       0x08000741   Thumb Code    40  app_key_lcd_brightness_ctrl.o(i.key_control_lcd_brightness_10level)
    key_control_lcd_brightness_10level_Init  0x0800076d   Thumb Code    22  app_key_lcd_brightness_ctrl.o(i.key_control_lcd_brightness_10level_Init)
    main                                     0x08000783   Thumb Code    10  main.o(i.main)
    Region$$Table$$Base                      0x0800078c   Number         0  anon$$obj.o(Region$$Table)
    Region$$Table$$Limit                     0x080007ac   Number         0  anon$$obj.o(Region$$Table)
    it_rx_num                                0x20000000   Data           1  usart.o(.data)
    it_rx_idle_flag                          0x20000001   Data           1  usart.o(.data)
    count                                    0x20000002   Data           2  systick.o(.data)
    duty                                     0x20000004   Data           1  app_key_lcd_brightness_ctrl.o(.data)
    dutyFlag                                 0x20000005   Data           1  app_key_lcd_brightness_ctrl.o(.data)
    __stdout                                 0x20000008   Data           4  stdout.o(.data)
    it_rx_buffer                             0x2000000c   Data         100  usart.o(.bss)
    __initial_sp                             0x20000470   Data           0  startup_stm32f10x_hd.o(STACK)



==============================================================================

Memory Map of the image

  Image Entry point : 0x08000131

  Load Region LR_IROM1 (Base: 0x08000000, Size: 0x000007b8, Max: 0x00080000, ABSOLUTE)

    Execution Region ER_IROM1 (Exec base: 0x08000000, Load base: 0x08000000, Size: 0x000007ac, Max: 0x00080000, ABSOLUTE)

    Exec Addr    Load Addr    Size         Type   Attr      Idx    E Section Name        Object

    0x08000000   0x08000000   0x00000130   Data   RO           82    RESET               startup_stm32f10x_hd.o
    0x08000130   0x08000130   0x00000000   Code   RO          588  * .ARM.Collect$$$$00000000  mc_w.l(entry.o)
    0x08000130   0x08000130   0x00000004   Code   RO          859    .ARM.Collect$$$$00000001  mc_w.l(entry2.o)
    0x08000134   0x08000134   0x00000004   Code   RO          862    .ARM.Collect$$$$00000004  mc_w.l(entry5.o)
    0x08000138   0x08000138   0x00000000   Code   RO          864    .ARM.Collect$$$$00000008  mc_w.l(entry7b.o)
    0x08000138   0x08000138   0x00000000   Code   RO          866    .ARM.Collect$$$$0000000A  mc_w.l(entry8b.o)
    0x08000138   0x08000138   0x00000008   Code   RO          867    .ARM.Collect$$$$0000000B  mc_w.l(entry9a.o)
    0x08000140   0x08000140   0x00000004   Code   RO          874    .ARM.Collect$$$$0000000E  mc_w.l(entry12b.o)
    0x08000144   0x08000144   0x00000000   Code   RO          869    .ARM.Collect$$$$0000000F  mc_w.l(entry10a.o)
    0x08000144   0x08000144   0x00000000   Code   RO          871    .ARM.Collect$$$$00000011  mc_w.l(entry11a.o)
    0x08000144   0x08000144   0x00000004   Code   RO          860    .ARM.Collect$$$$00002712  mc_w.l(entry2.o)
    0x08000148   0x08000148   0x00000024   Code   RO           83    .text               startup_stm32f10x_hd.o
    0x0800016c   0x0800016c   0x00000024   Code   RO          891    .text               mc_w.l(init.o)
    0x08000190   0x08000190   0x00000018   Code   RO           45    i.Delay_ms          delay.o
    0x080001a8   0x080001a8   0x00000034   Code   RO           47    i.Delay_us          delay.o
    0x080001dc   0x080001dc   0x0000003c   Code   RO          552    i.EXTI15_10_IRQHandler  app_key_lcd_brightness_ctrl.o
    0x08000218   0x08000218   0x0000005c   Code   RO          553    i.EXTI9_5_IRQHandler  app_key_lcd_brightness_ctrl.o
    0x08000274   0x08000274   0x00000084   Code   RO          161    i.KEY1_Init         key.o
    0x080002f8   0x080002f8   0x00000084   Code   RO          162    i.KEY3_Init         key.o
    0x0800037c   0x0800037c   0x00000084   Code   RO          163    i.KEY5_Init         key.o
    0x08000400   0x08000400   0x00000010   Code   RO          131    i.LED_Toggle        led.o
    0x08000410   0x08000410   0x00000016   Code   RO          164    i.NVIC_EnableIRQ    key.o
    0x08000426   0x08000426   0x00000020   Code   RO          165    i.NVIC_SetPriority  key.o
    0x08000446   0x08000446   0x00000002   PAD
    0x08000448   0x08000448   0x00000024   Code   RO          166    i.NVIC_SetPriorityGrouping  key.o
    0x0800046c   0x0800046c   0x00000004   Code   RO           87    i.SetSysClock       system_stm32f10x.o
    0x08000470   0x08000470   0x000000b0   Code   RO           88    i.SetSysClockTo72   system_stm32f10x.o
    0x08000520   0x08000520   0x0000003c   Code   RO          341    i.SysTick_Handler   systick.o
    0x0800055c   0x0800055c   0x00000050   Code   RO           90    i.SystemInit        system_stm32f10x.o
    0x080005ac   0x080005ac   0x00000094   Code   RO          485    i.TIM3_PWMLcd_Init  tim3.o
    0x08000640   0x08000640   0x0000000c   Code   RO          486    i.TIM3_SetDuty      tim3.o
    0x0800064c   0x0800064c   0x00000018   Code   RO          424    i.TIM4_IRQHandler   tim4.o
    0x08000664   0x08000664   0x00000030   Code   RO          373    i.TIM6_IRQHandler   tim6.o
    0x08000694   0x08000694   0x00000038   Code   RO          207    i.USART1_IRQHandler  usart.o
    0x080006cc   0x080006cc   0x00000014   Code   RO          213    i.USART1_TransmitByte  usart.o
    0x080006e0   0x080006e0   0x00000010   Code   RO          592    i.__0printf$bare    mc_w.l(printfb.o)
    0x080006f0   0x080006f0   0x0000000e   Code   RO          897    i.__scatterload_copy  mc_w.l(handlers.o)
    0x080006fe   0x080006fe   0x00000002   Code   RO          898    i.__scatterload_null  mc_w.l(handlers.o)
    0x08000700   0x08000700   0x0000000e   Code   RO          899    i.__scatterload_zeroinit  mc_w.l(handlers.o)
    0x0800070e   0x0800070e   0x00000022   Code   RO          599    i._printf_core      mc_w.l(printfb.o)
    0x08000730   0x08000730   0x0000000e   Code   RO          215    i.fputc             usart.o
    0x0800073e   0x0800073e   0x00000002   PAD
    0x08000740   0x08000740   0x0000002c   Code   RO          554    i.key_control_lcd_brightness_10level  app_key_lcd_brightness_ctrl.o
    0x0800076c   0x0800076c   0x00000016   Code   RO          555    i.key_control_lcd_brightness_10level_Init  app_key_lcd_brightness_ctrl.o
    0x08000782   0x08000782   0x0000000a   Code   RO            1    i.main              main.o
    0x0800078c   0x0800078c   0x00000020   Data   RO          895    Region$$Table       anon$$obj.o


    Execution Region RW_IRAM1 (Exec base: 0x20000000, Load base: 0x080007ac, Size: 0x00000470, Max: 0x00010000, ABSOLUTE)

    Exec Addr    Load Addr    Size         Type   Attr      Idx    E Section Name        Object

    0x20000000   0x080007ac   0x00000002   Data   RW          217    .data               usart.o
    0x20000002   0x080007ae   0x00000002   Data   RW          343    .data               systick.o
    0x20000004   0x080007b0   0x00000002   Data   RW          556    .data               app_key_lcd_brightness_ctrl.o
    0x20000006   0x080007b2   0x00000002   PAD
    0x20000008   0x080007b4   0x00000004   Data   RW          875    .data               mc_w.l(stdout.o)
    0x2000000c        -       0x00000064   Zero   RW          216    .bss                usart.o
    0x20000070        -       0x00000400   Zero   RW           80    STACK               startup_stm32f10x_hd.o


==============================================================================

Image component sizes


      Code (inc. data)   RO Data    RW Data    ZI Data      Debug   Object Name

       218         32          0          2          0       2595   app_key_lcd_brightness_ctrl.o
         0          0          0          0          0         32   core_cm3.o
        76          0          0          0          0        974   delay.o
       486         64          0          0          0      17983   key.o
        16          6          0          0          0        461   led.o
        10          0          0          0          0     209635   main.o
        36          8        304          0       1024        808   startup_stm32f10x_hd.o
       260         26          0          0          0       2017   system_stm32f10x.o
        60         24          0          2          0        746   systick.o
       160         20          0          0          0        978   tim3.o
        24          4          0          0          0        446   tim4.o
        48         20          0          0          0        486   tim6.o
        90         18          0          2        100       3683   usart.o

    ----------------------------------------------------------------------
      1488        222        336          8       1124     240844   Object Totals
         0          0         32          0          0          0   (incl. Generated)
         4          0          0          2          0          0   (incl. Padding)

    ----------------------------------------------------------------------

      Code (inc. data)   RO Data    RW Data    ZI Data      Debug   Library Member Name

         0          0          0          0          0          0   entry.o
         0          0          0          0          0          0   entry10a.o
         0          0          0          0          0          0   entry11a.o
         4          0          0          0          0          0   entry12b.o
         8          4          0          0          0          0   entry2.o
         4          0          0          0          0          0   entry5.o
         0          0          0          0          0          0   entry7b.o
         0          0          0          0          0          0   entry8b.o
         8          4          0          0          0          0   entry9a.o
        30          0          0          0          0          0   handlers.o
        36          8          0          0          0         68   init.o
        50          8          0          0          0        152   printfb.o
         0          0          0          4          0          0   stdout.o

    ----------------------------------------------------------------------
       140         24          0          4          0        220   Library Totals
         0          0          0          0          0          0   (incl. Padding)

    ----------------------------------------------------------------------

      Code (inc. data)   RO Data    RW Data    ZI Data      Debug   Library Name

       140         24          0          4          0        220   mc_w.l

    ----------------------------------------------------------------------
       140         24          0          4          0        220   Library Totals

    ----------------------------------------------------------------------

==============================================================================


      Code (inc. data)   RO Data    RW Data    ZI Data      Debug   

      1628        246        336         12       1124     239968   Grand Totals
      1628        246        336         12       1124     239968   ELF Image Totals
      1628        246        336         12          0          0   ROM Totals

==============================================================================

    Total RO  Size (Code + RO Data)                 1964 (   1.92kB)
    Total RW  Size (RW Data + ZI Data)              1136 (   1.11kB)
    Total ROM Size (Code + RO Data + RW Data)       1976 (   1.93kB)

==============================================================================

